#
# A fatal error has been detected by the Java Runtime Environment:
#
#  SIGSEGV (0xb) at pc=0x00007fff83103532, pid=5032, tid=0x0000000000001007
#
# JRE version: Java(TM) SE Runtime Environment (8.0_191-b12) (build 1.8.0_191-b12)
# Java VM: Java HotSpot(TM) 64-Bit Server VM (25.191-b12 mixed mode bsd-amd64 compressed oops)
# Problematic frame:
# C  [HIToolbox+0xa532]  _ZL11MenuChangedP14MenuSelectDatahh+0x218
#
# Failed to write core dump. Core dumps have been disabled. To enable core dumping, try "ulimit -c unlimited" before starting Java again
#
# If you would like to submit a bug report, please visit:
#   http://bugreport.java.com/bugreport/crash.jsp
# The crash happened outside the Java Virtual Machine in native code.
# See problematic frame for where to report the bug.
#

---------------  T H R E A D  ---------------

Current thread (0x00007fc63d0ec000):  JavaThread "AWT-AppKit" daemon [_thread_in_native, id=4103, stack(0x00007fff4f887000,0x00007fff50087000)]

siginfo: si_signo: 11 (SIGSEGV), si_code: 1 (SEGV_MAPERR), si_addr: 0x0000000000000012

Registers:
RAX=0x0000000000000000, RBX=0x00007fc63ac40301, RCX=0x0000000000000100, RDX=0x0000000000000100
RSP=0x00007fff50082f00, RBP=0x00007fff50082f50, RSI=0x0000000080000b80, RDI=0x00007fc63b941f20
R8 =0x0000000000002060, R9 =0x00007fff50082d10, R10=0x00007fff50082c00, R11=0x000000000000000e
R12=0x0000000000000001, R13=0x00007fff500830c8, R14=0x0000000000000000, R15=0x00007fc63b941f20
RIP=0x00007fff83103532, EFLAGS=0x0000000000010202, ERR=0x0000000000000004
  TRAPNO=0x000000000000000e

Top of Stack: (sp=0x00007fff50082f00)
0x00007fff50082f00:   0000000000000001 00007fc642ef8f58
0x00007fff50082f10:   00007fff50082f50 00007fff830ff722
0x00007fff50082f20:   0000000000000000 00007fc63ac40300
0x00007fff50082f30:   00007fc642aea8c0 00007fff500830c8
0x00007fff50082f40:   0000000000000000 00000000015e0001
0x00007fff50082f50:   00007fff50083010 00007fff83102c0b
0x00007fff50082f60:   0000000000000000 00007fff500830a7
0x00007fff50082f70:   00007fff500830e0 00007fc64447ef10
0x00007fff50082f80:   00007fff500830fc 02600009837e9779
0x00007fff50082f90:   00007fc63b941f20 4075e00000000000
0x00007fff50082fa0:   3ff0000000000000 00007fff830fe97d
0x00007fff50082fb0:   00007fff50082fe0 0000000000000000
0x00007fff50082fc0:   0000000000000000 409a400000000000
0x00007fff50082fd0:   4090680000000000 4075e00000000000
0x00007fff50082fe0:   0000000004272d80 00007fc63b93d510
0x00007fff50082ff0:   0000000010000000 0000000000000000
0x00007fff50083000:   0000000000000000 00000000015e0001
0x00007fff50083010:   00007fff50083350 00007fff830fe806
0x00007fff50083020:   0000000000000000 0000000000000000
0x00007fff50083030:   00007fff04272d80 0000000000000000
0x00007fff50083040:   0000000000000000 0000000000000000
0x00007fff50083050:   40e4f15b0ecd8dbd 00007fff8aa9b856
0x00007fff50083060:   00007fff50083388 00007fff50083386
0x00007fff50083070:   00007fc63b93d510 0000000000000000
0x00007fff50083080:   0000000000010001 00007fff00000000
0x00007fff50083090:   0000000000000000 00007fff71b8af00
0x00007fff500830a0:   01007fff71b8afe8 0000000000000000
0x00007fff500830b0:   0000000000000000 0000000000000000
0x00007fff500830c0:   0000000100000000 0000000000000000
0x00007fff500830d0:   0000000000000000 0000000000000000
0x00007fff500830e0:   00007fff50083120 00007fff00000000
0x00007fff500830f0:   02ec006902100016 000001000281000a 

Instructions: (pc=0x00007fff83103532)
0x00007fff83103512:   80 01 00 00 00 48 89 c8 75 14 48 8d 75 d4 48 8d
0x00007fff83103522:   55 c0 4c 89 ef e8 ed 1d 00 00 49 8b 45 10 b3 01
0x00007fff83103532:   66 83 78 12 00 0f 8e 3c fe ff ff 31 c0 4d 85 ff
0x00007fff83103542:   0f 85 1b ff ff ff e9 1e ff ff ff 41 80 bd 80 01 

Register to memory mapping:

RAX=0x0000000000000000 is an unknown value
RBX=0x00007fc63ac40301 is an unknown value
RCX=0x0000000000000100 is an unknown value
RDX=0x0000000000000100 is an unknown value
RSP=0x00007fff50082f00 is pointing into the stack for thread: 0x00007fc63d0ec000
RBP=0x00007fff50082f50 is pointing into the stack for thread: 0x00007fc63d0ec000
RSI=0x0000000080000b80 is an unknown value
RDI=0x00007fc63b941f20 is an unknown value
R8 =0x0000000000002060 is an unknown value
R9 =0x00007fff50082d10 is pointing into the stack for thread: 0x00007fc63d0ec000
R10=0x00007fff50082c00 is pointing into the stack for thread: 0x00007fc63d0ec000
R11=0x000000000000000e is an unknown value
R12=0x0000000000000001 is an unknown value
R13=0x00007fff500830c8 is pointing into the stack for thread: 0x00007fc63d0ec000
R14=0x0000000000000000 is an unknown value
R15=0x00007fc63b941f20 is an unknown value


Stack: [0x00007fff4f887000,0x00007fff50087000],  sp=0x00007fff50082f00,  free space=8175k
Native frames: (J=compiled Java code, j=interpreted, Vv=VM code, C=native code)
C  [HIToolbox+0xa532]  _ZL11MenuChangedP14MenuSelectDatahh+0x218
C  [HIToolbox+0x9c0b]  _ZL15TrackMenuCommonR14MenuSelectDataPh+0x4a4
C  [HIToolbox+0x5806]  _ZL14MenuSelectCoreP8MenuData5PointdjPP13OpaqueMenuRefPt+0x1a8
C  [HIToolbox+0x4ec8]  _HandleMenuSelection2+0x235
C  [AppKit+0x2338c6]  _NSHandleCarbonMenuEvent+0xf5
C  [AppKit+0x155a9f]  _DPSNextEvent+0x819
C  [AppKit+0x154df2]  -[NSApplication nextEventMatchingMask:untilDate:inMode:dequeue:]+0x80
C  [libosxapp.dylib+0x2328]  -[NSApplicationAWT nextEventMatchingMask:untilDate:inMode:dequeue:]+0x7c
C  [AppKit+0x14c1a3]  -[NSApplication run]+0x205
C  [libosxapp.dylib+0x1f72]  +[NSApplicationAWT runAWTLoopWithApp:]+0x9c
C  [libawt_lwawt.dylib+0x4711f]  -[AWTStarter starter:]+0x389
C  [Foundation+0x935ca]  __NSThreadPerformPerform+0xe1
C  [CoreFoundation+0x12b31]  __CFRUNLOOP_IS_CALLING_OUT_TO_A_SOURCE0_PERFORM_FUNCTION__+0x11
C  [CoreFoundation+0x12455]  __CFRunLoopDoSources0+0xf5
C  [CoreFoundation+0x357f5]  __CFRunLoopRun+0x315
C  [CoreFoundation+0x350e2]  CFRunLoopRunSpecific+0x122
C  [java+0x646e]  CreateExecutionEnvironment+0x367
C  [java+0x203c]  JLI_Launch+0x7a0
C  [java+0x84cb]  main+0x65
C  [java+0x1894]  start+0x34
C  0x0000000000000008


---------------  P R O C E S S  ---------------

Java Threads: ( => current thread )
  0x00007fc63c49e800 JavaThread "DestroyJavaVM" [_thread_blocked, id=6659, stack(0x0000000110c5c000,0x0000000110d5c000)]
  0x00007fc63c784800 JavaThread "jReality ToolSystem EventQueue" [_thread_blocked, id=75267, stack(0x000000022f92d000,0x000000022fa2d000)]
  0x00007fc63d649800 JavaThread "Thread-7" [_thread_in_native, id=60719, stack(0x000000022ff86000,0x0000000230006000)]
  0x00007fc63ccb2000 JavaThread "jreality raw device polling" [_thread_blocked, id=61711, stack(0x000000022fc49000,0x000000022fd49000)]
  0x00007fc63c02c800 JavaThread "TimerQueue" daemon [_thread_blocked, id=59667, stack(0x000000022e8bb000,0x000000022e9bb000)]
  0x00007fc63cde3800 JavaThread "jReality render thread" [_thread_blocked, id=59155, stack(0x000000022e441000,0x000000022e541000)]
  0x00007fc63b15c000 JavaThread "AWT-EventQueue-0" [_thread_blocked, id=20235, stack(0x000000022a39d000,0x000000022a49d000)]
  0x00007fc63b15b800 JavaThread "AWT-Shutdown" [_thread_blocked, id=19723, stack(0x000000022a29a000,0x000000022a39a000)]
  0x00007fc63c27a000 JavaThread "Timer-0" daemon [_thread_blocked, id=48387, stack(0x00000001eef92000,0x00000001ef092000)]
  0x00007fc63b065800 JavaThread "Java2D Disposer" daemon [_thread_blocked, id=47883, stack(0x00000001ee709000,0x00000001ee809000)]
  0x00007fc63b03e800 JavaThread "Java2D Queue Flusher" daemon [_thread_blocked, id=42019, stack(0x00000001ed442000,0x00000001ed542000)]
=>0x00007fc63d0ec000 JavaThread "AWT-AppKit" daemon [_thread_in_native, id=4103, stack(0x00007fff4f887000,0x00007fff50087000)]
  0x00007fc63d06a800 JavaThread "Service Thread" daemon [_thread_blocked, id=26371, stack(0x00000001e875b000,0x00000001e885b000)]
  0x00007fc63d068000 JavaThread "C1 CompilerThread3" daemon [_thread_blocked, id=25859, stack(0x00000001e8658000,0x00000001e8758000)]
  0x00007fc63d067000 JavaThread "C2 CompilerThread2" daemon [_thread_blocked, id=25347, stack(0x00000001e8555000,0x00000001e8655000)]
  0x00007fc63d066800 JavaThread "C2 CompilerThread1" daemon [_thread_blocked, id=24835, stack(0x00000001e8452000,0x00000001e8552000)]
  0x00007fc63d064800 JavaThread "C2 CompilerThread0" daemon [_thread_blocked, id=24323, stack(0x00000001e834f000,0x00000001e844f000)]
  0x00007fc63d02e800 JavaThread "Signal Dispatcher" daemon [_thread_blocked, id=23811, stack(0x00000001e824c000,0x00000001e834c000)]
  0x00007fc63d059800 JavaThread "Finalizer" daemon [_thread_blocked, id=19203, stack(0x00000001e8043000,0x00000001e8143000)]
  0x00007fc63d058800 JavaThread "Reference Handler" daemon [_thread_blocked, id=18691, stack(0x00000001e7f40000,0x00000001e8040000)]

Other Threads:
  0x00007fc63d052000 VMThread [stack: 0x00000001e7e3d000,0x00000001e7f3d000] [id=18179]
  0x00007fc63c800000 WatcherThread [stack: 0x00000001e885e000,0x00000001e895e000] [id=26883]

VM state:not at safepoint (normal execution)

VM Mutex/Monitor currently owned by a thread: None

Heap:
 PSYoungGen      total 341504K, used 98893K [0x0000000175980000, 0x0000000198100000, 0x00000001a0400000)
  eden space 340992K, 28% used [0x0000000175980000,0x000000017b9cb628,0x000000018a680000)
  from space 512K, 56% used [0x0000000198080000,0x00000001980c8000,0x0000000198100000)
  to   space 77312K, 0% used [0x000000018ea00000,0x000000018ea00000,0x0000000193580000)
 ParOldGen       total 356864K, used 207897K [0x0000000120400000, 0x0000000136080000, 0x0000000175980000)
  object space 356864K, 58% used [0x0000000120400000,0x000000012cf066a0,0x0000000136080000)
 Metaspace       used 39265K, capacity 39982K, committed 40152K, reserved 1085440K
  class space    used 4596K, capacity 4773K, committed 4824K, reserved 1048576K

Card table byte_map: [0x00000001a0400000,0x00000001a0801000] byte_map_base: 0x000000019fafe000

Marking Bits: (ParMarkBitMap*) 0x00000001105a0e00
 Begin Bits: [0x00000001a12c4000, 0x00000001a32c4000)
 End Bits:   [0x00000001a32c4000, 0x00000001a52c4000)

Polling page: 0x0000000110da2000

CodeCache: size=245760Kb used=22887Kb max_used=23762Kb free=222872Kb
 bounds [0x0000000110e38000, 0x00000001125c8000, 0x000000011fe38000]
 total_blobs=7185 nmethods=6130 adapters=967
 compilation: enabled

Compilation events (10 events):
Event: 457.089 Thread 0x00007fc63d068000 7419       3       de.jreality.scene.pick.BruteForcePicking::intersectEdges (564 bytes)
Event: 457.095 Thread 0x00007fc63d068000 nmethod 7419 0x00000001125af990 code [0x00000001125b02c0, 0x00000001125b7788]
Event: 457.110 Thread 0x00007fc63d064800 nmethod 7418 0x0000000111d728d0 code [0x0000000111d72be0, 0x0000000111d74640]
Event: 457.112 Thread 0x00007fc63d067000 nmethod 7417 0x000000011209a650 code [0x000000011209a7c0, 0x000000011209a8b8]
Event: 458.331 Thread 0x00007fc63d066800 7420       4       java.util.concurrent.atomic.AtomicBoolean::compareAndSet (35 bytes)
Event: 458.332 Thread 0x00007fc63d066800 nmethod 7420 0x0000000111d72610 code [0x0000000111d72760, 0x0000000111d727d8]
Event: 466.494 Thread 0x00007fc63d068000 7421       1       com.apple.laf.ScreenMenu::access$100 (5 bytes)
Event: 466.494 Thread 0x00007fc63d068000 nmethod 7421 0x0000000111bfbb90 code [0x0000000111bfbce0, 0x0000000111bfbdd0]
Event: 467.650 Thread 0x00007fc63d067000 7422   !   4       javax.swing.TimerQueue::containsTimer (45 bytes)
Event: 467.656 Thread 0x00007fc63d067000 nmethod 7422 0x0000000111322f10 code [0x00000001113230c0, 0x00000001113234e8]

GC Heap History (10 events):
Event: 189.333 GC heap before
{Heap before GC invocations=15 (full 3):
 PSYoungGen      total 245760K, used 183427K [0x0000000175980000, 0x000000018f000000, 0x00000001a0400000)
  eden space 174592K, 100% used [0x0000000175980000,0x0000000180400000,0x0000000180400000)
  from space 71168K, 12% used [0x0000000180400000,0x0000000180ca0e80,0x0000000184980000)
  to   space 81920K, 0% used [0x000000018a000000,0x000000018a000000,0x000000018f000000)
 ParOldGen       total 356864K, used 190690K [0x0000000120400000, 0x0000000136080000, 0x0000000175980000)
  object space 356864K, 53% used [0x0000000120400000,0x000000012be38b68,0x0000000136080000)
 Metaspace       used 39220K, capacity 39982K, committed 40152K, reserved 1085440K
  class space    used 4594K, capacity 4773K, committed 4824K, reserved 1048576K
Event: 189.348 GC heap after
Heap after GC invocations=15 (full 3):
 PSYoungGen      total 333824K, used 192K [0x0000000175980000, 0x000000018f500000, 0x00000001a0400000)
  eden space 251904K, 0% used [0x0000000175980000,0x0000000175980000,0x0000000184f80000)
  from space 81920K, 0% used [0x000000018a000000,0x000000018a030000,0x000000018f000000)
  to   space 82432K, 0% used [0x0000000184f80000,0x0000000184f80000,0x000000018a000000)
 ParOldGen       total 356864K, used 207740K [0x0000000120400000, 0x0000000136080000, 0x0000000175980000)
  object space 356864K, 58% used [0x0000000120400000,0x000000012cedf100,0x0000000136080000)
 Metaspace       used 39220K, capacity 39982K, committed 40152K, reserved 1085440K
  class space    used 4594K, capacity 4773K, committed 4824K, reserved 1048576K
}
Event: 191.664 GC heap before
{Heap before GC invocations=16 (full 3):
 PSYoungGen      total 333824K, used 252096K [0x0000000175980000, 0x000000018f500000, 0x00000001a0400000)
  eden space 251904K, 100% used [0x0000000175980000,0x0000000184f80000,0x0000000184f80000)
  from space 81920K, 0% used [0x000000018a000000,0x000000018a030000,0x000000018f000000)
  to   space 82432K, 0% used [0x0000000184f80000,0x0000000184f80000,0x000000018a000000)
 ParOldGen       total 356864K, used 207740K [0x0000000120400000, 0x0000000136080000, 0x0000000175980000)
  object space 356864K, 58% used [0x0000000120400000,0x000000012cedf100,0x0000000136080000)
 Metaspace       used 39234K, capacity 39982K, committed 40152K, reserved 1085440K
  class space    used 4594K, capacity 4773K, committed 4824K, reserved 1048576K
Event: 191.667 GC heap after
Heap after GC invocations=16 (full 3):
 PSYoungGen      total 334336K, used 96K [0x0000000175980000, 0x0000000195d00000, 0x00000001a0400000)
  eden space 251904K, 0% used [0x0000000175980000,0x0000000175980000,0x0000000184f80000)
  from space 82432K, 0% used [0x0000000184f80000,0x0000000184f98000,0x000000018a000000)
  to   space 82432K, 0% used [0x0000000190c80000,0x0000000190c80000,0x0000000195d00000)
 ParOldGen       total 356864K, used 207817K [0x0000000120400000, 0x0000000136080000, 0x0000000175980000)
  object space 356864K, 58% used [0x0000000120400000,0x000000012cef26a0,0x0000000136080000)
 Metaspace       used 39234K, capacity 39982K, committed 40152K, reserved 1085440K
  class space    used 4594K, capacity 4773K, committed 4824K, reserved 1048576K
}
Event: 198.104 GC heap before
{Heap before GC invocations=17 (full 3):
 PSYoungGen      total 334336K, used 252000K [0x0000000175980000, 0x0000000195d00000, 0x00000001a0400000)
  eden space 251904K, 100% used [0x0000000175980000,0x0000000184f80000,0x0000000184f80000)
  from space 82432K, 0% used [0x0000000184f80000,0x0000000184f98000,0x000000018a000000)
  to   space 82432K, 0% used [0x0000000190c80000,0x0000000190c80000,0x0000000195d00000)
 ParOldGen       total 356864K, used 207817K [0x0000000120400000, 0x0000000136080000, 0x0000000175980000)
  object space 356864K, 58% used [0x0000000120400000,0x000000012cef26a0,0x0000000136080000)
 Metaspace       used 39241K, capacity 39982K, committed 40152K, reserved 1085440K
  class space    used 4594K, capacity 4773K, committed 4824K, reserved 1048576K
Event: 198.108 GC heap after
Heap after GC invocations=17 (full 3):
 PSYoungGen      total 425984K, used 32K [0x0000000175980000, 0x0000000195280000, 0x00000001a0400000)
  eden space 354304K, 0% used [0x0000000175980000,0x0000000175980000,0x000000018b380000)
  from space 71680K, 0% used [0x0000000190c80000,0x0000000190c88000,0x0000000195280000)
  to   space 81408K, 0% used [0x000000018b380000,0x000000018b380000,0x0000000190300000)
 ParOldGen       total 356864K, used 207833K [0x0000000120400000, 0x0000000136080000, 0x0000000175980000)
  object space 356864K, 58% used [0x0000000120400000,0x000000012cef66a0,0x0000000136080000)
 Metaspace       used 39241K, capacity 39982K, committed 40152K, reserved 1085440K
  class space    used 4594K, capacity 4773K, committed 4824K, reserved 1048576K
}
Event: 205.136 GC heap before
{Heap before GC invocations=18 (full 3):
 PSYoungGen      total 425984K, used 354336K [0x0000000175980000, 0x0000000195280000, 0x00000001a0400000)
  eden space 354304K, 100% used [0x0000000175980000,0x000000018b380000,0x000000018b380000)
  from space 71680K, 0% used [0x0000000190c80000,0x0000000190c88000,0x0000000195280000)
  to   space 81408K, 0% used [0x000000018b380000,0x000000018b380000,0x0000000190300000)
 ParOldGen       total 356864K, used 207833K [0x0000000120400000, 0x0000000136080000, 0x0000000175980000)
  object space 356864K, 58% used [0x0000000120400000,0x000000012cef66a0,0x0000000136080000)
 Metaspace       used 39244K, capacity 39982K, committed 40152K, reserved 1085440K
  class space    used 4594K, capacity 4773K, committed 4824K, reserved 1048576K
Event: 205.139 GC heap after
Heap after GC invocations=18 (full 3):
 PSYoungGen      total 435712K, used 64K [0x0000000175980000, 0x000000019ce00000, 0x00000001a0400000)
  eden space 354304K, 0% used [0x0000000175980000,0x0000000175980000,0x000000018b380000)
  from space 81408K, 0% used [0x000000018b380000,0x000000018b390000,0x0000000190300000)
  to   space 79360K, 0% used [0x0000000198080000,0x0000000198080000,0x000000019ce00000)
 ParOldGen       total 356864K, used 207849K [0x0000000120400000, 0x0000000136080000, 0x0000000175980000)
  object space 356864K, 58% used [0x0000000120400000,0x000000012cefa6a0,0x0000000136080000)
 Metaspace       used 39244K, capacity 39982K, committed 40152K, reserved 1085440K
  class space    used 4594K, capacity 4773K, committed 4824K, reserved 1048576K
}
Event: 351.751 GC heap before
{Heap before GC invocations=19 (full 3):
 PSYoungGen      total 435712K, used 354368K [0x0000000175980000, 0x000000019ce00000, 0x00000001a0400000)
  eden space 354304K, 100% used [0x0000000175980000,0x000000018b380000,0x000000018b380000)
  from space 81408K, 0% used [0x000000018b380000,0x000000018b390000,0x0000000190300000)
  to   space 79360K, 0% used [0x0000000198080000,0x0000000198080000,0x000000019ce00000)
 ParOldGen       total 356864K, used 207849K [0x0000000120400000, 0x0000000136080000, 0x0000000175980000)
  object space 356864K, 58% used [0x0000000120400000,0x000000012cefa6a0,0x0000000136080000)
 Metaspace       used 39254K, capacity 39982K, committed 40152K, reserved 1085440K
  class space    used 4594K, capacity 4773K, committed 4824K, reserved 1048576K
Event: 351.754 GC heap after
Heap after GC invocations=19 (full 3):
 PSYoungGen      total 341504K, used 288K [0x0000000175980000, 0x0000000198100000, 0x00000001a0400000)
  eden space 340992K, 0% used [0x0000000175980000,0x0000000175980000,0x000000018a680000)
  from space 512K, 56% used [0x0000000198080000,0x00000001980c8000,0x0000000198100000)
  to   space 77312K, 0% used [0x000000018ea00000,0x000000018ea00000,0x0000000193580000)
 ParOldGen       total 356864K, used 207897K [0x0000000120400000, 0x0000000136080000, 0x0000000175980000)
  object space 356864K, 58% used [0x0000000120400000,0x000000012cf066a0,0x0000000136080000)
 Metaspace       used 39254K, capacity 39982K, committed 40152K, reserved 1085440K
  class space    used 4594K, capacity 4773K, committed 4824K, reserved 1048576K
}

Deoptimization events (10 events):
Event: 278.814 Thread 0x00007fc63c784800 Uncommon trap: reason=class_check action=maybe_recompile pc=0x000000011256afa4 method=de.jreality.scene.DirectionalLight.accept(Lde/jreality/scene/SceneGraphVisitor;)V @ 2
Event: 278.814 Thread 0x00007fc63c784800 Uncommon trap: reason=class_check action=maybe_recompile pc=0x000000011256afa4 method=de.jreality.scene.DirectionalLight.accept(Lde/jreality/scene/SceneGraphVisitor;)V @ 2
Event: 278.814 Thread 0x00007fc63c784800 Uncommon trap: reason=unstable_if action=reinterpret pc=0x00000001124f04a0 method=java.util.IdentityHashMap.remove(Ljava/lang/Object;)Ljava/lang/Object; @ 85
Event: 278.816 Thread 0x00007fc63c784800 Uncommon trap: reason=unstable_if action=reinterpret pc=0x000000011242098c method=java.util.Formatter$FormatSpecifier.localizedMagnitude(Ljava/lang/StringBuilder;[CLjava/util/Formatter$Flags;ILjava/util/Locale;)Ljava/lang/StringBuilder; @ 284
Event: 279.950 Thread 0x00007fc63ccb2000 Uncommon trap: reason=unstable_if action=reinterpret pc=0x0000000111d703ac method=de.jreality.toolsystem.ToolEvent.canReplace(Lde/jreality/toolsystem/ToolEvent;)Z @ 19
Event: 457.043 Thread 0x00007fc63c784800 Uncommon trap: reason=unstable_if action=reinterpret pc=0x0000000111a2a790 method=de.jreality.scene.pick.BruteForcePicking.intersectCylinder(Ljava/util/List;Lde/jreality/math/Matrix;[D[D[D[DD)V @ 274
Event: 463.195 Thread 0x00007fc63b15c000 Uncommon trap: reason=bimorphic action=maybe_recompile pc=0x00000001121543bc method=java.awt.event.InvocationEvent.dispatch()V @ 11
Event: 466.959 Thread 0x00007fc63b15c000 Uncommon trap: reason=bimorphic action=maybe_recompile pc=0x00000001121543bc method=java.awt.event.InvocationEvent.dispatch()V @ 11
Event: 469.706 Thread 0x00007fc63b15c000 Uncommon trap: reason=bimorphic action=maybe_recompile pc=0x00000001121543bc method=java.awt.event.InvocationEvent.dispatch()V @ 11
Event: 470.617 Thread 0x00007fc63b15c000 Uncommon trap: reason=bimorphic action=maybe_recompile pc=0x00000001121543bc method=java.awt.event.InvocationEvent.dispatch()V @ 11

Classes redefined (0 events):
No events

Internal exceptions (10 events):
Event: 91.700 Thread 0x00007fc63d059800 Exception <a 'java/lang/NullPointerException'> (0x0000000175a1fb50) thrown at [/Users/java_re/workspace/8-2-build-macosx-x86_64/jdk8u191/11896/hotspot/src/share/vm/interpreter/linkResolver.cpp, line 1185]
Event: 94.964 Thread 0x00007fc63b15c000 Exception <a 'java/io/FileNotFoundException'> (0x0000000175f362a0) thrown at [/Users/java_re/workspace/8-2-build-macosx-x86_64/jdk8u191/11896/hotspot/src/share/vm/prims/jni.cpp, line 709]
Event: 94.996 Thread 0x00007fc63b15c000 Exception <a 'java/io/FileNotFoundException'> (0x0000000175f3a708) thrown at [/Users/java_re/workspace/8-2-build-macosx-x86_64/jdk8u191/11896/hotspot/src/share/vm/prims/jni.cpp, line 709]
Event: 107.062 Thread 0x00007fc63b15c000 Implicit null exception at 0x0000000111bf7e78 to 0x0000000111bf80ed
Event: 107.073 Thread 0x00007fc63b15c000 Exception <a 'java/lang/ClassNotFoundException': de/jreality/shader/DefaultPointShaderCustomizer> (0x0000000176c027c0) thrown at [/Users/java_re/workspace/8-2-build-macosx-x86_64/jdk8u191/11896/hotspot/src/share/vm/classfile/systemDictionary.cpp, line 210
Event: 107.073 Thread 0x00007fc63b15c000 Exception <a 'java/lang/ClassNotFoundException': de/jreality/shader/PointShaderCustomizer> (0x0000000176cc8500) thrown at [/Users/java_re/workspace/8-2-build-macosx-x86_64/jdk8u191/11896/hotspot/src/share/vm/classfile/systemDictionary.cpp, line 210]
Event: 107.134 Thread 0x00007fc63b15c000 Implicit null exception at 0x0000000111ac7ac2 to 0x0000000111ac84a5
Event: 156.253 Thread 0x00007fc63d059800 Exception <a 'java/lang/NullPointerException'> (0x0000000175b51820) thrown at [/Users/java_re/workspace/8-2-build-macosx-x86_64/jdk8u191/11896/hotspot/src/share/vm/interpreter/linkResolver.cpp, line 1185]
Event: 177.772 Thread 0x00007fc63b15c000 Implicit null exception at 0x0000000112431829 to 0x0000000112432246
Event: 178.104 Thread 0x00007fc63d059800 Exception <a 'java/lang/NullPointerException'> (0x0000000175d8cb70) thrown at [/Users/java_re/workspace/8-2-build-macosx-x86_64/jdk8u191/11896/hotspot/src/share/vm/interpreter/linkResolver.cpp, line 1185]

Events (10 events):
Event: 466.959 loading class com/apple/laf/ScreenMenu$3 done
Event: 466.959 Thread 0x00007fc63b15c000 Uncommon trap: trap_request=0xffffffc6 fr.pc=0x00000001121543bc
Event: 466.959 Thread 0x00007fc63b15c000 DEOPT PACKING pc=0x00000001121543bc sp=0x000000022a49b0a0
Event: 466.959 Thread 0x00007fc63b15c000 DEOPT UNPACKING pc=0x0000000110e7d73a sp=0x000000022a49b060 mode 2
Event: 469.706 Thread 0x00007fc63b15c000 Uncommon trap: trap_request=0xffffffc6 fr.pc=0x00000001121543bc
Event: 469.706 Thread 0x00007fc63b15c000 DEOPT PACKING pc=0x00000001121543bc sp=0x000000022a49b0a0
Event: 469.706 Thread 0x00007fc63b15c000 DEOPT UNPACKING pc=0x0000000110e7d73a sp=0x000000022a49b060 mode 2
Event: 470.617 Thread 0x00007fc63b15c000 Uncommon trap: trap_request=0xffffffc6 fr.pc=0x00000001121543bc
Event: 470.617 Thread 0x00007fc63b15c000 DEOPT PACKING pc=0x00000001121543bc sp=0x000000022a49b0a0
Event: 470.617 Thread 0x00007fc63b15c000 DEOPT UNPACKING pc=0x0000000110e7d73a sp=0x000000022a49b060 mode 2


Dynamic libraries:
0x00007fff87fb0000 	/System/Library/Frameworks/Cocoa.framework/Versions/A/Cocoa
0x00007fff85722000 	/System/Library/Frameworks/Security.framework/Versions/A/Security
0x00007fff82e7b000 	/System/Library/Frameworks/ApplicationServices.framework/Versions/A/ApplicationServices
0x00007fff8d453000 	/usr/lib/libz.1.dylib
0x00007fff837a7000 	/usr/lib/libSystem.B.dylib
0x00007fff87fb5000 	/usr/lib/libobjc.A.dylib
0x00007fff8967a000 	/System/Library/Frameworks/CoreFoundation.framework/Versions/A/CoreFoundation
0x00007fff84cfd000 	/System/Library/Frameworks/Foundation.framework/Versions/C/Foundation
0x00007fff8812e000 	/System/Library/Frameworks/AppKit.framework/Versions/C/AppKit
0x00007fff81097000 	/System/Library/Frameworks/CoreData.framework/Versions/A/CoreData
0x00007fff81428000 	/System/Library/PrivateFrameworks/RemoteViewServices.framework/Versions/A/RemoteViewServices
0x00007fff85b34000 	/System/Library/Frameworks/AudioToolbox.framework/Versions/A/AudioToolbox
0x00007fff82f30000 	/System/Library/Frameworks/AudioUnit.framework/Versions/A/AudioUnit
0x00007fff8921a000 	/System/Library/PrivateFrameworks/DataDetectorsCore.framework/Versions/A/DataDetectorsCore
0x00007fff80f76000 	/System/Library/PrivateFrameworks/DesktopServicesPriv.framework/Versions/A/DesktopServicesPriv
0x00007fff830f9000 	/System/Library/Frameworks/Carbon.framework/Versions/A/Frameworks/HIToolbox.framework/Versions/A/HIToolbox
0x00007fff81d4f000 	/System/Library/Frameworks/QuartzCore.framework/Versions/A/QuartzCore
0x00007fff850cc000 	/System/Library/Frameworks/Carbon.framework/Versions/A/Frameworks/SpeechRecognition.framework/Versions/A/SpeechRecognition
0x00007fff8abe6000 	/usr/lib/libauto.dylib
0x00007fff85394000 	/usr/lib/libicucore.A.dylib
0x00007fff8bdf2000 	/usr/lib/libxml2.2.dylib
0x00007fff89154000 	/System/Library/PrivateFrameworks/CoreUI.framework/Versions/A/CoreUI
0x00007fff8136b000 	/System/Library/Frameworks/CoreAudio.framework/Versions/A/CoreAudio
0x00007fff8516e000 	/System/Library/Frameworks/DiskArbitration.framework/Versions/A/DiskArbitration
0x00007fff81369000 	/usr/lib/liblangid.dylib
0x00007fff80b7a000 	/System/Library/PrivateFrameworks/MultitouchSupport.framework/Versions/A/MultitouchSupport
0x00007fff852ca000 	/System/Library/Frameworks/IOKit.framework/Versions/A/IOKit
0x00007fff8bb96000 	/usr/lib/libDiagnosticMessagesClient.dylib
0x00007fff8b412000 	/System/Library/Frameworks/CoreServices.framework/Versions/A/CoreServices
0x00007fff8b05f000 	/System/Library/PrivateFrameworks/PerformanceAnalysis.framework/Versions/A/PerformanceAnalysis
0x00007fff8662b000 	/System/Library/PrivateFrameworks/GenerationalStorage.framework/Versions/A/GenerationalStorage
0x00007fff8a48b000 	/System/Library/Frameworks/OpenGL.framework/Versions/A/OpenGL
0x00007fff82a12000 	/System/Library/Frameworks/CoreText.framework/Versions/A/CoreText
0x00007fff8ade4000 	/System/Library/Frameworks/ImageIO.framework/Versions/A/ImageIO
0x00007fff84c22000 	/System/Library/PrivateFrameworks/Backup.framework/Versions/A/Backup
0x00007fff8ac3f000 	/System/Library/Frameworks/CFNetwork.framework/Versions/A/CFNetwork
0x00007fff80acf000 	/System/Library/Frameworks/SystemConfiguration.framework/Versions/A/SystemConfiguration
0x00007fff85a01000 	/usr/lib/libCRFSuite.dylib
0x00007fff8b7da000 	/System/Library/PrivateFrameworks/TCC.framework/Versions/A/TCC
0x00007fff850d7000 	/usr/lib/libc++.1.dylib
0x00007fff81402000 	/usr/lib/libc++abi.dylib
0x00007fff8d466000 	/usr/lib/system/libcache.dylib
0x00007fff8966b000 	/usr/lib/system/libcommonCrypto.dylib
0x00007fff88128000 	/usr/lib/system/libcompiler_rt.dylib
0x00007fff8a94f000 	/usr/lib/system/libcopyfile.dylib
0x00007fff84a8d000 	/usr/lib/system/libdispatch.dylib
0x00007fff8d425000 	/usr/lib/system/libdnsinfo.dylib
0x00007fff865b6000 	/usr/lib/system/libdyld.dylib
0x00007fff8bb02000 	/usr/lib/system/libkeymgr.dylib
0x00007fff82f40000 	/usr/lib/system/liblaunch.dylib
0x00007fff8bbee000 	/usr/lib/system/libmacho.dylib
0x00007fff892bf000 	/usr/lib/system/libquarantine.dylib
0x00007fff80b21000 	/usr/lib/system/libremovefile.dylib
0x00007fff8643a000 	/usr/lib/system/libsystem_blocks.dylib
0x00007fff8aa82000 	/usr/lib/system/libsystem_c.dylib
0x00007fff892c2000 	/usr/lib/system/libsystem_dnssd.dylib
0x00007fff80eda000 	/usr/lib/system/libsystem_info.dylib
0x00007fff893c6000 	/usr/lib/system/libsystem_kernel.dylib
0x00007fff87f81000 	/usr/lib/system/libsystem_m.dylib
0x00007fff85209000 	/usr/lib/system/libsystem_network.dylib
0x00007fff8b0fd000 	/usr/lib/system/libsystem_notify.dylib
0x00007fff8d4f4000 	/usr/lib/system/libsystem_sandbox.dylib
0x00007fff8b863000 	/usr/lib/system/libunc.dylib
0x00007fff8d0f8000 	/usr/lib/system/libunwind.dylib
0x00007fff8228a000 	/usr/lib/system/libxpc.dylib
0x00007fff82fe6000 	/usr/lib/system/libcorecrypto.dylib
0x00007fff8b5d2000 	/usr/lib/libstdc++.6.dylib
0x00007fff8bdde000 	/usr/lib/libbsm.0.dylib
0x00007fff85d74000 	/usr/lib/libsqlite3.dylib
0x00007fff8bdce000 	/usr/lib/libxar.1.dylib
0x00007fff82ae5000 	/usr/lib/libpam.2.dylib
0x00007fff80ed0000 	/usr/lib/libOpenScriptingUtil.dylib
0x00007fff85b26000 	/usr/lib/libbz2.1.0.dylib
0x00007fff8d10d000 	/System/Library/Frameworks/CoreServices.framework/Versions/A/Frameworks/CarbonCore.framework/Versions/A/CarbonCore
0x00007fff8c035000 	/System/Library/Frameworks/CoreServices.framework/Versions/A/Frameworks/Metadata.framework/Versions/A/Metadata
0x00007fff855d9000 	/System/Library/Frameworks/CoreServices.framework/Versions/A/Frameworks/OSServices.framework/Versions/A/OSServices
0x00007fff85680000 	/System/Library/Frameworks/CoreServices.framework/Versions/A/Frameworks/SearchKit.framework/Versions/A/SearchKit
0x00007fff84aec000 	/System/Library/Frameworks/CoreServices.framework/Versions/A/Frameworks/AE.framework/Versions/A/AE
0x00007fff85218000 	/System/Library/Frameworks/CoreServices.framework/Versions/A/Frameworks/LaunchServices.framework/Versions/A/LaunchServices
0x00007fff865f9000 	/System/Library/Frameworks/CoreServices.framework/Versions/A/Frameworks/DictionaryServices.framework/Versions/A/DictionaryServices
0x00007fff8664c000 	/System/Library/Frameworks/NetFS.framework/Versions/A/NetFS
0x00007fff850bd000 	/usr/lib/system/libkxld.dylib
0x00007fff812cd000 	/System/Library/PrivateFrameworks/NetAuth.framework/Versions/A/NetAuth
0x00007fff84b4c000 	/System/Library/Frameworks/OpenDirectory.framework/Versions/A/Frameworks/CFOpenDirectory.framework/Versions/A/CFOpenDirectory
0x00007fff8d427000 	/usr/lib/libxslt.1.dylib
0x00007fff813da000 	/System/Library/PrivateFrameworks/FamilyControls.framework/Versions/A/FamilyControls
0x00007fff8b63c000 	/System/Library/Frameworks/Carbon.framework/Versions/A/Frameworks/Ink.framework/Versions/A/Ink
0x00007fff837ad000 	/System/Library/Frameworks/ApplicationServices.framework/Versions/A/Frameworks/CoreGraphics.framework/Versions/A/CoreGraphics
0x00007fff80b9f000 	/System/Library/Frameworks/ApplicationServices.framework/Versions/A/Frameworks/ATS.framework/Versions/A/ATS
0x00007fff84b64000 	/System/Library/Frameworks/ApplicationServices.framework/Versions/A/Frameworks/ColorSync.framework/Versions/A/ColorSync
0x00007fff8b38e000 	/System/Library/Frameworks/ApplicationServices.framework/Versions/A/Frameworks/HIServices.framework/Versions/A/HIServices
0x00007fff8570e000 	/System/Library/Frameworks/ApplicationServices.framework/Versions/A/Frameworks/LangAnalysis.framework/Versions/A/LangAnalysis
0x00007fff8941b000 	/System/Library/Frameworks/ApplicationServices.framework/Versions/A/Frameworks/PrintCore.framework/Versions/A/PrintCore
0x00007fff8b7df000 	/System/Library/Frameworks/ApplicationServices.framework/Versions/A/Frameworks/QD.framework/Versions/A/QD
0x00007fff89309000 	/System/Library/Frameworks/ApplicationServices.framework/Versions/A/Frameworks/SpeechSynthesis.framework/Versions/A/SpeechSynthesis
0x00007fff813d5000 	/System/Library/Frameworks/IOSurface.framework/Versions/A/IOSurface
0x00007fff830f8000 	/System/Library/Frameworks/Accelerate.framework/Versions/A/Accelerate
0x00007fff8a5ca000 	/System/Library/Frameworks/ApplicationServices.framework/Versions/A/Frameworks/ATS.framework/Versions/A/Resources/libFontParser.dylib
0x00007fff80f26000 	/System/Library/Frameworks/ApplicationServices.framework/Versions/A/Frameworks/ATS.framework/Versions/A/Resources/libFontRegistry.dylib
0x00007fff8bbf7000 	/System/Library/Frameworks/Accelerate.framework/Versions/A/Frameworks/vImage.framework/Versions/A/vImage
0x00007fff8306d000 	/System/Library/Frameworks/Accelerate.framework/Versions/A/Frameworks/vecLib.framework/Versions/A/vecLib
0x00007fff8aefe000 	/System/Library/Frameworks/Accelerate.framework/Versions/A/Frameworks/vecLib.framework/Versions/A/libvDSP.dylib
0x00007fff89476000 	/System/Library/Frameworks/Accelerate.framework/Versions/A/Frameworks/vecLib.framework/Versions/A/libvMisc.dylib
0x00007fff88d5c000 	/System/Library/Frameworks/Accelerate.framework/Versions/A/Frameworks/vecLib.framework/Versions/A/libLAPACK.dylib
0x00007fff8a7c8000 	/System/Library/Frameworks/Accelerate.framework/Versions/A/Frameworks/vecLib.framework/Versions/A/libBLAS.dylib
0x00007fff8b3e5000 	/System/Library/Frameworks/ImageIO.framework/Versions/A/Resources/libJPEG.dylib
0x00007fff8bb98000 	/System/Library/Frameworks/ImageIO.framework/Versions/A/Resources/libTIFF.dylib
0x00007fff87aac000 	/System/Library/Frameworks/ImageIO.framework/Versions/A/Resources/libPng.dylib
0x00007fff8c02b000 	/System/Library/Frameworks/ImageIO.framework/Versions/A/Resources/libGIF.dylib
0x00007fff8b24a000 	/System/Library/Frameworks/ImageIO.framework/Versions/A/Resources/libJP2.dylib
0x00007fff89374000 	/System/Library/Frameworks/ImageIO.framework/Versions/A/Resources/libRadiance.dylib
0x00007fff8306e000 	/usr/lib/libcups.2.dylib
0x00007fff8b34d000 	/System/Library/Frameworks/Kerberos.framework/Versions/A/Kerberos
0x00007fff8bd93000 	/System/Library/Frameworks/GSS.framework/Versions/A/GSS
0x00007fff8533b000 	/usr/lib/libresolv.9.dylib
0x00007fff8b154000 	/usr/lib/libiconv.2.dylib
0x00007fff82571000 	/System/Library/PrivateFrameworks/Heimdal.framework/Versions/A/Heimdal
0x00007fff8b151000 	/System/Library/PrivateFrameworks/TrustEvaluationAgent.framework/Versions/A/TrustEvaluationAgent
0x00007fff8936e000 	/System/Library/Frameworks/OpenDirectory.framework/Versions/A/OpenDirectory
0x00007fff8379b000 	/System/Library/PrivateFrameworks/CommonAuth.framework/Versions/A/CommonAuth
0x00007fff8bf67000 	/System/Library/PrivateFrameworks/Bom.framework/Versions/A/Bom
0x00007fff8bb03000 	/System/Library/Frameworks/CoreVideo.framework/Versions/A/CoreVideo
0x00007fff834bc000 	/System/Library/Frameworks/QuartzCore.framework/Versions/A/Frameworks/CoreImage.framework/Versions/A/CoreImage
0x00007fff8a2c3000 	/System/Library/Frameworks/QuartzCore.framework/Versions/A/Frameworks/ScalableUserInterface.framework/Versions/A/ScalableUserInterface
0x00007fff8bf1c000 	/System/Library/Frameworks/OpenGL.framework/Versions/A/Libraries/libGLU.dylib
0x00007fff84aa3000 	/System/Library/Frameworks/OpenGL.framework/Versions/A/Libraries/libGFXShared.dylib
0x00007fff82d2c000 	/System/Library/Frameworks/OpenGL.framework/Versions/A/Libraries/libGL.dylib
0x00007fff892cb000 	/System/Library/Frameworks/OpenGL.framework/Versions/A/Libraries/libGLImage.dylib
0x00007fff82d5b000 	/System/Library/Frameworks/OpenGL.framework/Versions/A/Libraries/libCVMSPluginSupport.dylib
0x00007fff867b5000 	/System/Library/Frameworks/OpenGL.framework/Versions/A/Libraries/libCoreVMClient.dylib
0x00007fff82d44000 	/System/Library/PrivateFrameworks/CrashReporterSupport.framework/Versions/A/CrashReporterSupport
0x00007fff8a49b000 	/System/Library/Frameworks/OpenCL.framework/Versions/A/OpenCL
0x00007fff825f4000 	/System/Library/PrivateFrameworks/FaceCoreLight.framework/Versions/A/FaceCoreLight
0x00007fff82aea000 	/System/Library/PrivateFrameworks/AppleFSCompression.framework/Versions/A/AppleFSCompression
0x00007fff84981000 	/System/Library/PrivateFrameworks/Ubiquity.framework/Versions/A/Ubiquity
0x00007fff8b0b0000 	/System/Library/Frameworks/ServiceManagement.framework/Versions/A/ServiceManagement
0x00007fff8514e000 	/System/Library/PrivateFrameworks/ChunkingLibrary.framework/Versions/A/ChunkingLibrary
0x00007fff8514d000 	/System/Library/Frameworks/vecLib.framework/Versions/A/vecLib
0x00007fff89dd6000 	/System/Library/Frameworks/SecurityFoundation.framework/Versions/A/SecurityFoundation
0x00007fff82d51000 	/System/Library/PrivateFrameworks/CommerceKit.framework/Versions/A/Frameworks/CommerceCore.framework/Versions/A/CommerceCore
0x00007fff87707000 	/System/Library/PrivateFrameworks/CoreSymbolication.framework/Versions/A/CoreSymbolication
0x00007fff8413e000 	/System/Library/PrivateFrameworks/Symbolication.framework/Versions/A/Symbolication
0x00007fff89288000 	/System/Library/PrivateFrameworks/DebugSymbols.framework/Versions/A/DebugSymbols
0x000000010fca7000 	/Library/Internet Plug-Ins/JavaAppletPlugin.plugin/Contents/Home/lib/server/libjvm.dylib
0x0000000110d5e000 	/Library/Internet Plug-Ins/JavaAppletPlugin.plugin/Contents/Home/lib/libverify.dylib
0x0000000110d6c000 	/Library/Internet Plug-Ins/JavaAppletPlugin.plugin/Contents/Home/lib/libjava.dylib
0x0000000110e2f000 	/Library/Internet Plug-Ins/JavaAppletPlugin.plugin/Contents/Home/lib/libzip.dylib
0x00000001e8b13000 	/Library/Internet Plug-Ins/JavaAppletPlugin.plugin/Contents/Home/lib/libawt.dylib
0x00000001e8bbd000 	/Library/Internet Plug-Ins/JavaAppletPlugin.plugin/Contents/Home/lib/./libmlib_image.dylib
0x00000001e8c89000 	/System/Library/Frameworks/JavaVM.framework/Versions/A/Frameworks/JavaNativeFoundation.framework/Versions/A/JavaNativeFoundation
0x00000001e8c9e000 	/System/Library/Frameworks/JavaVM.framework/Versions/A/Frameworks/JavaRuntimeSupport.framework/Versions/A/JavaRuntimeSupport
0x00000001e8cb6000 	/System/Library/Frameworks/JavaVM.framework/Versions/A/JavaVM
0x00000001e8cc3000 	/System/Library/PrivateFrameworks/JavaLaunching.framework/Versions/A/JavaLaunching
0x00007fff859f4000 	/System/Library/Frameworks/Carbon.framework/Versions/A/Carbon
0x00007fff8505d000 	/System/Library/Frameworks/Carbon.framework/Versions/A/Frameworks/CommonPanels.framework/Versions/A/CommonPanels
0x00007fff8b40e000 	/System/Library/Frameworks/Carbon.framework/Versions/A/Frameworks/Help.framework/Versions/A/Help
0x00007fff893e2000 	/System/Library/Frameworks/Carbon.framework/Versions/A/Frameworks/ImageCapture.framework/Versions/A/ImageCapture
0x00007fff8b370000 	/System/Library/Frameworks/Carbon.framework/Versions/A/Frameworks/OpenScripting.framework/Versions/A/OpenScripting
0x00007fff81366000 	/System/Library/Frameworks/Carbon.framework/Versions/A/Frameworks/Print.framework/Versions/A/Print
0x00007fff865f6000 	/System/Library/Frameworks/Carbon.framework/Versions/A/Frameworks/SecurityHI.framework/Versions/A/SecurityHI
0x00000001e8ccf000 	/Library/Internet Plug-Ins/JavaAppletPlugin.plugin/Contents/Home/lib/libawt_lwawt.dylib
0x00000001e8d89000 	/Library/Internet Plug-Ins/JavaAppletPlugin.plugin/Contents/Home/lib/./libosxapp.dylib
0x00000001e8da5000 	/System/Library/Frameworks/ExceptionHandling.framework/Versions/A/ExceptionHandling
0x00007fff8adb5000 	/System/Library/PrivateFrameworks/CoreServicesInternal.framework/Versions/A/CoreServicesInternal
0x00007fff87acd000 	/System/Library/PrivateFrameworks/Librarian.framework/Versions/A/Librarian
0x00007fff85140000 	/System/Library/Frameworks/ApplicationServices.framework/Versions/A/Frameworks/CoreGraphics.framework/Versions/A/Resources/libCSync.A.dylib
0x00007fff81d22000 	/System/Library/Frameworks/ApplicationServices.framework/Versions/A/Frameworks/CoreGraphics.framework/Versions/A/Resources/libRIP.A.dylib
0x00007fff85d6f000 	/System/Library/Frameworks/ApplicationServices.framework/Versions/A/Frameworks/CoreGraphics.framework/Versions/A/Resources/libCGXType.A.dylib
0x00000001ed544000 	/System/Library/Frameworks/OpenGL.framework/Resources/GLEngine.bundle/GLEngine
0x00000001ed739000 	/System/Library/Frameworks/OpenGL.framework/Versions/A/Libraries/libGLProgrammability.dylib
0x0000000200000000 	/System/Library/Extensions/GeForceGLDriver.bundle/Contents/MacOS/GeForceGLDriver
0x00000001eaccd000 	/System/Library/PrivateFrameworks/GPUSupport.framework/Versions/A/Libraries/libGPUSupport.dylib
0x00007fff8419b000 	/System/Library/Extensions/GeForceGLDriver.bundle/Contents/MacOS/libclh.dylib
0x00000001ed8e1000 	/System/Library/Extensions/AppleIntelHD4000GraphicsGLDriver.bundle/Contents/MacOS/AppleIntelHD4000GraphicsGLDriver
0x00000001eace2000 	/System/Library/PrivateFrameworks/IOAccelerator.framework/Versions/A/IOAccelerator
0x00000001eacef000 	/System/Library/PrivateFrameworks/GPUSupport.framework/Versions/A/Libraries/libGPUSupportMercury.dylib
0x00000001ebaa2000 	/System/Library/Frameworks/OpenGL.framework/Resources//GLRendererFloat.bundle/GLRendererFloat
0x00000001ead06000 	/System/Library/Frameworks/OpenCL.framework/Versions/A/Libraries/libcldcpuengine.dylib
0x00007fff8a38c000 	/System/Library/PrivateFrameworks/DiskImages.framework/Versions/A/DiskImages
0x00007fff8a4f6000 	/System/Library/Frameworks/DiscRecording.framework/Versions/A/DiscRecording
0x00007fff8b413000 	/usr/lib/libcurl.4.dylib
0x00007fff8b0bc000 	/System/Library/PrivateFrameworks/MediaKit.framework/Versions/A/MediaKit
0x00007fff8ab4f000 	/usr/lib/libssl.0.9.8.dylib
0x00007fff80980000 	/usr/lib/libcrypto.0.9.8.dylib
0x00007fff865ba000 	/System/Library/Frameworks/LDAP.framework/Versions/A/LDAP
0x00007fff85e72000 	/usr/lib/libsasl2.2.dylib
0x00000001ee80b000 	/Library/Internet Plug-Ins/JavaAppletPlugin.plugin/Contents/Home/lib/libfontmanager.dylib
0x00000001ee872000 	/Library/Internet Plug-Ins/JavaAppletPlugin.plugin/Contents/Home/lib/libosxui.dylib
0x00000001eeb38000 	/Library/Internet Plug-Ins/JavaAppletPlugin.plugin/Contents/Home/lib/libnio.dylib
0x00000001eeb48000 	/Library/Internet Plug-Ins/JavaAppletPlugin.plugin/Contents/Home/lib/./libnet.dylib
0x00000001ee395000 	/Library/Internet Plug-Ins/JavaAppletPlugin.plugin/Contents/Home/lib/libosx.dylib
0x000000022a292000 	/private/var/folders/58/88404tjn5696y7m6tz6npjr80000gn/T/jogamp_0000/file_cache/jln7388878340909621623/jln7611125911507638451/natives/macosx-universal/libgluegen-rt.jnilib
0x000000022ca53000 	/private/var/folders/58/88404tjn5696y7m6tz6npjr80000gn/T/jogamp_0000/file_cache/jln7388878340909621623/jln7611125911507638451/natives/macosx-universal/libnativewindow_awt.jnilib
0x000000022ca56000 	/Library/Internet Plug-Ins/JavaAppletPlugin.plugin/Contents/Home/lib/libjawt.dylib
0x000000022ca59000 	/private/var/folders/58/88404tjn5696y7m6tz6npjr80000gn/T/jogamp_0000/file_cache/jln7388878340909621623/jln7611125911507638451/natives/macosx-universal/libnativewindow_macosx.jnilib
0x000000022e305000 	/private/var/folders/58/88404tjn5696y7m6tz6npjr80000gn/T/jogamp_0000/file_cache/jln7388878340909621623/jln7611125911507638451/natives/macosx-universal/libjogl_desktop.jnilib
0x000000022e3d9000 	/private/var/folders/58/88404tjn5696y7m6tz6npjr80000gn/T/jogamp_0000/file_cache/jln7388878340909621623/jln7611125911507638451/natives/macosx-universal/libjogl_mobile.jnilib
0x000000022f132000 	/Library/Internet Plug-Ins/JavaAppletPlugin.plugin/Contents/Home/lib/libdcpr.dylib
0x00000001ee437000 	/private/var/folders/58/88404tjn5696y7m6tz6npjr80000gn/T/libhidapi-jni-641522444022943003567.jnilib
0x0000000230445000 	/System/Library/Extensions/IOHIDFamily.kext/Contents/PlugIns/IOHIDLib.plugin/Contents/MacOS/IOHIDLib
0x00007fff87aed000 	/System/Library/CoreServices/RawCamera.bundle/Contents/MacOS/RawCamera
0x00007fff85caa000 	/System/Library/PrivateFrameworks/Shortcut.framework/Versions/A/Shortcut
0x00007fff893f8000 	/System/Library/PrivateFrameworks/HelpData.framework/Versions/A/HelpData
0x00007fff87456000 	/usr/lib/libtidy.A.dylib
0x00007fff867ac000 	/System/Library/Frameworks/ApplicationServices.framework/Versions/A/Frameworks/CoreGraphics.framework/Versions/A/Resources/libCGXCoreImage.A.dylib
0x00000001ebd5f000 	cl_kernels
0x0000000248074000 	/System/Library/Frameworks/OpenCL.framework/Versions/A/Libraries/ImageFormats/unorm8_bgra.dylib

VM Arguments:
jvm_args: -Xmx2048m -Xms256m -Djava.library.path=/Users/gunn/Software/workspace/jreality/jni/linux64:/home/portal/jreality_portal/native32 -Dfile.encoding=UTF-8 
java_command: charlesgunn.jreality.worlds.projective.LemniscateSunEarth
java_class_path (initial): /Users/gunn/Software/workspace/ProjectiveGeometry/bin:/Users/gunn/Software/workspace/jreality/bin:/Users/gunn/Software/workspace/jreality/lib/jterm.jar:/Users/gunn/Software/workspace/jreality/lib/smrj.jar:/Users/gunn/Software/workspace/jreality/lib/janino.jar:/Users/gunn/Software/workspace/jreality/lib/sunflow.jar:/Users/gunn/Software/workspace/jreality/lib/smrj-app.jar:/Users/gunn/Software/workspace/jreality/lib/bsh.jar:/Users/gunn/Software/workspace/jreality/lib/colorpicker.jar:/Users/gunn/Software/workspace/jreality/lib/vrData.jar:/Users/gunn/Software/workspace/jreality/lib/jacknativeclient.jar:/Users/gunn/Software/workspace/jreality/lib/vrExamples.jar:/Users/gunn/Software/workspace/jreality/lib/beans.jar:/Users/gunn/Software/workspace/jreality/lib/antlr-3.4-complete.jar:/Users/gunn/Software/workspace/jreality/lib/NetUtil.jar:/Users/gunn/Software/workspace/jreality/lib/jinput.jar:/Users/gunn/Software/workspace/jreality/lib/libpd.jar:/Users/gunn/Software/workspace/jreality/lib/numericalMethods.jar:/Users/gunn/Software/workspace/jreality/lib/jython_console.jar:/Users/gunn/Software/workspace/jreality/lib/hidapi-1.1.jar:/Users/gunn/Software/workspace/jreality/lib/xmlpull-1.1.3.1.jar:/Users/gunn/Software/workspace/jreality/lib/xpp3_min-1.1.4c.jar:/Users/gunn/Software/workspace/jreality/lib/xstream-1.4.7.jar:/Users/gunn/Software/workspace/jreality/lib/jython-standalone-2.5.4-rc1.jar:/Users/gunn/Software/eclipse-mars-64bit/Eclipse.app/Contents/Eclipse/plugins/org.junit_4.12.0.v201504281640/junit.jar:/Users/gunn/Software/eclipse-mars-64bit/Eclipse.app/Contents/Eclipse/plugins/org.hamcrest.core_1.3.0.v201303031735.jar:/Users/gunn/Software/workspace/jreality/lib/jrworkspace.jar:/Users/gunn/Software/workspace/jreality/lib/itextpdf-5.3.2.jar:/Users/gunn/Software/workspace/jreality/lib/jogamp/gluegen-rt.jar:/Users/gunn/Software/workspace/jreality/lib/jogamp/jogl-all.jar:/Users/gunn/Software/workspace/jrworkspace/bin:/Users/gunn/Software/workspace/
Launcher Type: SUN_STANDARD

Environment Variables:
PATH=/usr/bin:/bin:/usr/sbin:/sbin
SHELL=/bin/tcsh
DISPLAY=/tmp/launch-HzHZEc/org.macosforge.xquartz:0

Signal Handlers:
SIGSEGV: [libjvm.dylib+0x5b5de9], sa_mask[0]=11111111011111110111111111111111, sa_flags=SA_ONSTACK|SA_RESTART|SA_SIGINFO
SIGBUS: [libjvm.dylib+0x5b5de9], sa_mask[0]=11111111011111110111111111111111, sa_flags=SA_RESTART|SA_SIGINFO
SIGFPE: [libjvm.dylib+0x48b6b0], sa_mask[0]=11111111011111110111111111111111, sa_flags=SA_RESTART|SA_SIGINFO
SIGPIPE: [libjvm.dylib+0x48b6b0], sa_mask[0]=11111111011111110111111111111111, sa_flags=SA_RESTART|SA_SIGINFO
SIGXFSZ: [libjvm.dylib+0x48b6b0], sa_mask[0]=11111111011111110111111111111111, sa_flags=SA_RESTART|SA_SIGINFO
SIGILL: [libjvm.dylib+0x48b6b0], sa_mask[0]=11111111011111110111111111111111, sa_flags=SA_RESTART|SA_SIGINFO
SIGUSR1: SIG_DFL, sa_mask[0]=00000000000000000000000000000000, sa_flags=SA_RESTART
SIGUSR2: [libjvm.dylib+0x48b1ce], sa_mask[0]=00100000000000000000000000000000, sa_flags=SA_RESTART|SA_SIGINFO
SIGHUP: [libjvm.dylib+0x489759], sa_mask[0]=11111111011111110111111111111111, sa_flags=SA_RESTART|SA_SIGINFO
SIGINT: [libjvm.dylib+0x489759], sa_mask[0]=11111111011111110111111111111111, sa_flags=SA_RESTART|SA_SIGINFO
SIGTERM: [libjvm.dylib+0x489759], sa_mask[0]=11111111011111110111111111111111, sa_flags=SA_RESTART|SA_SIGINFO
SIGQUIT: [libjvm.dylib+0x489759], sa_mask[0]=11111111011111110111111111111111, sa_flags=SA_RESTART|SA_SIGINFO


---------------  S Y S T E M  ---------------

OS:Bsduname:Darwin 12.5.0 Darwin Kernel Version 12.5.0: Sun Sep 29 13:33:47 PDT 2013; root:xnu-2050.48.12~1/RELEASE_X86_64 x86_64
rlimit: STACK 8192k, CORE 0k, NPROC 709, NOFILE 10240, AS infinity
load average:1.74 1.64 1.40

CPU:total 8 (initial active 8) (4 cores per cpu, 2 threads per core) family 6 model 58 stepping 9, cmov, cx8, fxsr, mmx, sse, sse2, sse3, ssse3, sse4.1, sse4.2, popcnt, avx, aes, clmul, erms, ht, tsc, tscinvbit, tscinv

Memory: 4k page, physical 8388608k(30444k free)

/proc/meminfo:


vm_info: Java HotSpot(TM) 64-Bit Server VM (25.191-b12) for bsd-amd64 JRE (1.8.0_191-b12), built on Oct  6 2018 08:37:07 by "java_re" with gcc 4.2.1 (Based on Apple Inc. build 5658) (LLVM build 2336.11.00)

time: Thu Dec 20 17:34:55 2018
elapsed time: 472 seconds (0d 0h 7m 52s)

